MPLINK 5.08, LINKER
Linker Map File - Created Fri Jun 08 14:18:30 2018

                                 Section Info
                  Section       Type    Address   Location Size(Bytes)
                ---------  ---------  ---------  ---------  ---------
                 RES_VECT       code   0x000000    program   0x000004
                   .cinit    romdata   0x000004    program   0x000002
                MAIN_PROG       code   0x000006    program   0x000024
.config_300001_BUILD/DEFAULT/DEBUG/MAIN.O    romdata   0x300001    program   0x000001
.config_300002_BUILD/DEFAULT/DEBUG/MAIN.O    romdata   0x300002    program   0x000001
.config_300003_BUILD/DEFAULT/DEBUG/MAIN.O    romdata   0x300003    program   0x000001
.config_300005_BUILD/DEFAULT/DEBUG/MAIN.O    romdata   0x300005    program   0x000001
.config_300006_BUILD/DEFAULT/DEBUG/MAIN.O    romdata   0x300006    program   0x000001
.config_300008_BUILD/DEFAULT/DEBUG/MAIN.O    romdata   0x300008    program   0x000001
.config_300009_BUILD/DEFAULT/DEBUG/MAIN.O    romdata   0x300009    program   0x000001
.config_30000A_BUILD/DEFAULT/DEBUG/MAIN.O    romdata   0x30000a    program   0x000001
.config_30000B_BUILD/DEFAULT/DEBUG/MAIN.O    romdata   0x30000b    program   0x000001
.config_30000C_BUILD/DEFAULT/DEBUG/MAIN.O    romdata   0x30000c    program   0x000001
.config_30000D_BUILD/DEFAULT/DEBUG/MAIN.O    romdata   0x30000d    program   0x000001
                  INT_VAR      udata   0x000000       data   0x000003



                              Program Memory Usage 
                               Start         End      
                           ---------   ---------      
                            0x000000    0x000029      
                            0x300001    0x300003      
                            0x300005    0x300006      
                            0x300008    0x30000d      
            53 out of 66584 program addresses used, program memory utilization is 0%



                              Symbols - Sorted by Name
                     Name    Address   Location    Storage File                     
                ---------  ---------  ---------  --------- ---------                
                  ADCPoll   0x00001a    program     static C:\Users\benjd\Balance_elec\Banalnce_elec.X\main.asm
                    DEBUT   0x000006    program     static C:\Users\benjd\Balance_elec\Banalnce_elec.X\main.asm
                     POID   0x000002       data     static C:\Users\benjd\Balance_elec\Banalnce_elec.X\main.asm
                 RESULTHI   0x000000       data     static C:\Users\benjd\Balance_elec\Banalnce_elec.X\main.asm
                 RESULTLO   0x000001       data     static C:\Users\benjd\Balance_elec\Banalnce_elec.X\main.asm



                              Symbols - Sorted by Address
                     Name    Address   Location    Storage File                     
                ---------  ---------  ---------  --------- ---------                
                    DEBUT   0x000006    program     static C:\Users\benjd\Balance_elec\Banalnce_elec.X\main.asm
                  ADCPoll   0x00001a    program     static C:\Users\benjd\Balance_elec\Banalnce_elec.X\main.asm
                 RESULTHI   0x000000       data     static C:\Users\benjd\Balance_elec\Banalnce_elec.X\main.asm
                 RESULTLO   0x000001       data     static C:\Users\benjd\Balance_elec\Banalnce_elec.X\main.asm
                     POID   0x000002       data     static C:\Users\benjd\Balance_elec\Banalnce_elec.X\main.asm


